PZS005_RUN_ID=RUN-1789230459877-1892805
◇ injected env (0) from .env // tip: ⌘ custom filepath { path: '/custom/path/.env' }
◇ injected env (0) from .env // tip: ⌘ override existing { override: true }
◇ injected env (0) from .env // tip: ⌘ enable debugging { debug: true }
◇ injected env (0) from .env // tip: ⌘ override existing { override: true }
[10:28:04.085] [32mINFO[39m (1895526): [36mAPI Mounted[39m
    [35mpath[39m: "/api"
[10:28:04.094] [32mINFO[39m (1895526): [36mRealtime runtime ready[39m
    [35mpath[39m: "/socket.io"
[10:28:04.087] [32mINFO[39m (1895526): [36mApp Mounted[39m
    [35mpath[39m: "/app"
[10:28:04.088] [32mINFO[39m (1895526): [36mSite Mounted[39m
    [35mpath[39m: "/"
[10:28:04.095] [32mINFO[39m (1895526): [36mGateway server ready[39m
    [35mhost[39m: "localhost"
    [35mport[39m: 8080
◇ injected env (0) from .env // tip: ⌘ override existing { override: true }
[10:28:04.341] [32mINFO[39m (1895588): [36mWorker runtime ready[39m
[0mPOST /api/test/auth/session [32m200[0m 111.761 ms - 109[0m
[0mPOST /api/projects [32m201[0m 6.634 ms - 370[0m
[0mPOST /api/sync/13b73af9-1f4e-431b-8931-5e10d953ecbd/devices [32m200[0m 12.374 ms - 326[0m
[0mPOST /api/sync/13b73af9-1f4e-431b-8931-5e10d953ecbd/devices/device-326485ac-3b31-4266-8765-18aa94652a1c/approval [32m200[0m 9.659 ms - 173[0m
[0mPOST /api/sync/13b73af9-1f4e-431b-8931-5e10d953ecbd/devices/device-326485ac-3b31-4266-8765-18aa94652a1c/enroll [32m200[0m 50.798 ms - 758[0m
[0mPOST /api/sync/13b73af9-1f4e-431b-8931-5e10d953ecbd/devices [32m200[0m 8.567 ms - 328[0m
[0mPOST /api/sync/13b73af9-1f4e-431b-8931-5e10d953ecbd/devices/device-1ef96295-9517-4489-9d61-11c1dd27f40b/enroll [32m200[0m 20.437 ms - 734[0m
[0mPOST /api/test/auth/session [32m200[0m 90.445 ms - 109[0m
[0mPOST /api/projects [32m201[0m 5.818 ms - 370[0m
[0mPOST /api/sync/80067df2-adb5-4bc6-a5a2-8770a64c1e7f/devices [32m200[0m 9.715 ms - 326[0m
[0mPOST /api/sync/80067df2-adb5-4bc6-a5a2-8770a64c1e7f/devices/device-dea03aba-4170-466c-beb6-9a9f5eac9e5c/approval [32m200[0m 8.317 ms - 173[0m
[0mPOST /api/sync/80067df2-adb5-4bc6-a5a2-8770a64c1e7f/devices/device-dea03aba-4170-466c-beb6-9a9f5eac9e5c/enroll [32m200[0m 19.569 ms - 758[0m
[0mPOST /api/sync/80067df2-adb5-4bc6-a5a2-8770a64c1e7f/devices [32m200[0m 8.132 ms - 328[0m
[0mPOST /api/sync/80067df2-adb5-4bc6-a5a2-8770a64c1e7f/devices/device-dc670d98-9616-4385-b3f6-bd8c7d633158/enroll [32m200[0m 18.693 ms - 734[0m
[0mPOST /api/sync/13b73af9-1f4e-431b-8931-5e10d953ecbd/envelopes [32m201[0m 21.190 ms - 546[0m
[0mPOST /api/sync/13b73af9-1f4e-431b-8931-5e10d953ecbd/envelopes [32m200[0m 6.966 ms - 545[0m
[ error ] API request failed { code: [32m'opaque_envelope_rejected'[39m, statusCode: [33m409[39m }
[0mPOST /api/sync/13b73af9-1f4e-431b-8931-5e10d953ecbd/envelopes [33m409[0m 5.388 ms - 84[0m
[0mGET /api/sync/13b73af9-1f4e-431b-8931-5e10d953ecbd/envelopes?deviceId=device-1ef96295-9517-4489-9d61-11c1dd27f40b&enrollmentVersion=2 [32m200[0m 8.255 ms - 546[0m
[0mPOST /api/projects [32m201[0m 4.198 ms - 388[0m
[ error ] API request failed { code: [32m'device_lifecycle_rejected'[39m, statusCode: [33m409[39m }
[0mGET /api/sync/9ade46a5-c00e-4f60-97f0-3d0fea5f853c/envelopes?deviceId=device-1ef96295-9517-4489-9d61-11c1dd27f40b&enrollmentVersion=2 [33m409[0m 2.448 ms - 90[0m
[ error ] API request failed { code: [32m'workspace_not_found'[39m, statusCode: [33m404[39m }
[0mGET /api/sync/80067df2-adb5-4bc6-a5a2-8770a64c1e7f/envelopes?deviceId=device-1ef96295-9517-4489-9d61-11c1dd27f40b&enrollmentVersion=2 [33m404[0m 1.328 ms - 76[0m
[0mPOST /api/sync/13b73af9-1f4e-431b-8931-5e10d953ecbd/devices [32m200[0m 9.341 ms - 310[0m
[0mPOST /api/sync/13b73af9-1f4e-431b-8931-5e10d953ecbd/devices/device-b6f39010-82e6-4a9f-9247-0111745073ee/revoke [32m200[0m 8.890 ms - 114[0m
[ error ] API request failed { code: [32m'device_lifecycle_rejected'[39m, statusCode: [33m409[39m }
[0mGET /api/sync/13b73af9-1f4e-431b-8931-5e10d953ecbd/envelopes?deviceId=device-b6f39010-82e6-4a9f-9247-0111745073ee&enrollmentVersion=1 [33m409[0m 2.330 ms - 90[0m
[0mPOST /api/sync/13b73af9-1f4e-431b-8931-5e10d953ecbd/devices [32m200[0m 10.736 ms - 316[0m
[ error ] API request failed { code: [32m'device_lifecycle_rejected'[39m, statusCode: [33m409[39m }
[0mGET /api/sync/13b73af9-1f4e-431b-8931-5e10d953ecbd/envelopes?deviceId=device-424fca02-8d9b-4aba-b1e6-6e7d8da69da7&enrollmentVersion=1 [33m409[0m 1.878 ms - 90[0m
[ error ] API request failed { code: [32m'invalid_request'[39m, statusCode: [33m400[39m }
[0mPOST /api/sync/13b73af9-1f4e-431b-8931-5e10d953ecbd/envelopes [33m400[0m 0.862 ms - 236[0m
[ error ] API request failed { code: [32m'invalid_request'[39m, statusCode: [33m400[39m }
[0mPOST /api/sync/13b73af9-1f4e-431b-8931-5e10d953ecbd/envelopes [33m400[0m 0.491 ms - 267[0m
[ error ] API request failed { code: [32m'invalid_request'[39m, statusCode: [33m400[39m }
[0mPOST /api/sync/13b73af9-1f4e-431b-8931-5e10d953ecbd/envelopes [33m400[0m 0.428 ms - 177[0m
[ error ] API request failed { code: [32m'opaque_envelope_rejected'[39m, statusCode: [33m409[39m }
[0mPOST /api/sync/13b73af9-1f4e-431b-8931-5e10d953ecbd/envelopes [33m409[0m 5.250 ms - 84[0m
[ error ] API request failed { code: [32m'opaque_envelope_rejected'[39m, statusCode: [33m409[39m }
[0mPOST /api/sync/13b73af9-1f4e-431b-8931-5e10d953ecbd/envelopes [33m409[0m 5.552 ms - 84[0m
[0mPOST /api/sync/13b73af9-1f4e-431b-8931-5e10d953ecbd/envelopes [32m201[0m 20.235 ms - 530[0m
[ error ] API request failed { code: [32m'opaque_envelope_rejected'[39m, statusCode: [33m409[39m }
[0mPOST /api/sync/13b73af9-1f4e-431b-8931-5e10d953ecbd/envelopes [33m409[0m 7.939 ms - 84[0m
[0mPOST /api/sync/13b73af9-1f4e-431b-8931-5e10d953ecbd/checkpoints [32m201[0m 22.904 ms - 571[0m
[ error ] API request failed { code: [32m'checkpoint_rejected'[39m, statusCode: [33m409[39m }
[0mPOST /api/sync/13b73af9-1f4e-431b-8931-5e10d953ecbd/checkpoints [33m409[0m 8.028 ms - 71[0m
[0mGET /api/sync/13b73af9-1f4e-431b-8931-5e10d953ecbd/recovery?checkpointId=checkpoint-1&deviceId=device-1ef96295-9517-4489-9d61-11c1dd27f40b&enrollmentVersion=2&afterCursor=0&limit=10 [32m200[0m 10.097 ms - 1080[0m
[ error ] API request failed { code: [32m'recovery_chain_unavailable'[39m, statusCode: [33m409[39m }
[0mGET /api/sync/13b73af9-1f4e-431b-8931-5e10d953ecbd/recovery?checkpointId=missing&deviceId=device-1ef96295-9517-4489-9d61-11c1dd27f40b&enrollmentVersion=2 [33m409[0m 3.320 ms - 92[0m
[ error ] API request failed { code: [32m'cursor_recovery_required'[39m, statusCode: [33m409[39m }
[0mGET /api/sync/13b73af9-1f4e-431b-8931-5e10d953ecbd/envelopes?afterCursor=0&deviceId=device-1ef96295-9517-4489-9d61-11c1dd27f40b&enrollmentVersion=2 [33m409[0m 3.622 ms - 96[0m
[0mPOST /api/sync/13b73af9-1f4e-431b-8931-5e10d953ecbd/envelopes [32m201[0m 17.020 ms - 536[0m
[ error ] API request failed { code: [32m'opaque_envelope_rejected'[39m, statusCode: [33m409[39m }
[0mPOST /api/sync/13b73af9-1f4e-431b-8931-5e10d953ecbd/envelopes [33m409[0m 6.969 ms - 84[0m
[0mGET /api/sync/13b73af9-1f4e-431b-8931-5e10d953ecbd/envelopes?afterCursor=1&deviceId=device-1ef96295-9517-4489-9d61-11c1dd27f40b&enrollmentVersion=2 [32m200[0m 6.008 ms - 1009[0m
[0mGET /api/sync/13b73af9-1f4e-431b-8931-5e10d953ecbd/devices [32m200[0m 1.504 ms - 1229[0m
[0mGET /api/openapi.json [32m200[0m 8.496 ms - 186871[0m
